// Jest Snapshot v1, https://goo.gl/fbAQLP

exports[`renders correctly 1`] = `
<View
  style={
    Object {
      "backgroundColor": "#E8EAED",
      "flex": 1,
    }
  }
>
  <RCTScrollView
    contentContainerStyle={
      Object {
        "flexGrow": 1,
      }
    }
    keyboardShouldPersistTaps="handled"
  >
    <View>
      <View
        style={
          Object {
            "paddingHorizontal": 20,
            "paddingTop": 80,
          }
        }
      >
        <Text
          style={
            Object {
              "fontSize": 24,
              "fontWeight": "bold",
            }
          }
        >
          Today's tasks
        </Text>
        <View
          style={
            Object {
              "marginTop": 30,
            }
          }
        />
      </View>
    </View>
  </RCTScrollView>
  <View
    onLayout={[Function]}
    style={
      Object {
        "alignItems": "center",
        "bottom": 60,
        "flexDirection": "row",
        "justifyContent": "space-around",
        "position": "absolute",
        "width": "100%",
      }
    }
  >
    <TextInput
      allowFontScaling={true}
      onChangeText={[Function]}
      placeholder="Write a task"
      rejectResponderTermination={true}
      style={
        Object {
          "backgroundColor": "#FFF",
          "borderColor": "#C0C0C0",
          "borderRadius": 60,
          "borderWidth": 1,
          "paddingHorizontal": 15,
          "paddingVertical": 15,
          "width": 250,
        }
      }
      underlineColorAndroid="transparent"
    />
    <View
      accessible={true}
      focusable={true}
      onClick={[Function]}
      onResponderGrant={[Function]}
      onResponderMove={[Function]}
      onResponderRelease={[Function]}
      onResponderTerminate={[Function]}
      onResponderTerminationRequest={[Function]}
      onStartShouldSetResponder={[Function]}
      style={
        Object {
          "opacity": 1,
        }
      }
    >
      <View
        style={
          Object {
            "alignItems": "center",
            "backgroundColor": "#FFF",
            "borderColor": "#C0C0C0",
            "borderRadius": 60,
            "borderWidth": 1,
            "height": 60,
            "justifyContent": "center",
            "width": 60,
          }
        }
      >
        <Text
          style={Object {}}
        >
          +
        </Text>
      </View>
    </View>
  </View>
</View>
`;
