// Jest Snapshot v1, https://goo.gl/fbAQLP

exports[`renders correctly 1`] = `
<View
  style={
    Object {
      "backgroundColor": "#009387",
      "flex": 1,
    }
  }
>
  <View
    style={
      Object {
        "flex": 1,
        "justifyContent": "flex-end",
        "paddingBottom": 50,
        "paddingHorizontal": 20,
      }
    }
  >
    <Text
      style={
        Object {
          "color": "#fff",
          "fontSize": 30,
          "fontWeight": "bold",
        }
      }
    >
      Register Now!
    </Text>
  </View>
  <View
    forwardedRef={[Function]}
    style={
      Object {
        "backgroundColor": "#fff",
        "borderTopLeftRadius": 30,
        "borderTopRightRadius": 30,
        "flex": 3,
        "opacity": 0,
        "paddingHorizontal": 20,
        "paddingVertical": 30,
        "transform": Array [
          Object {
            "translateY": 500,
          },
        ],
      }
    }
  >
    <RCTScrollView>
      <View>
        <Text
          style={
            Object {
              "color": "#05375a",
              "fontSize": 18,
            }
          }
        >
          Username
        </Text>
        <View
          style={
            Object {
              "borderBottomColor": "#f2f2f2",
              "borderBottomWidth": 1,
              "flexDirection": "row",
              "marginTop": 10,
              "paddingBottom": 5,
            }
          }
        >
          <Text />
          <TextInput
            allowFontScaling={true}
            autoCapitalize="none"
            onChangeText={[Function]}
            placeholder="Your Username"
            rejectResponderTermination={true}
            style={
              Object {
                "color": "#05375a",
                "flex": 1,
                "marginTop": 0,
                "paddingLeft": 10,
              }
            }
            underlineColorAndroid="transparent"
          />
        </View>
        <Text
          style={
            Array [
              Object {
                "color": "#05375a",
                "fontSize": 18,
              },
              Object {
                "marginTop": 35,
              },
            ]
          }
        >
          Password
        </Text>
        <View
          style={
            Object {
              "borderBottomColor": "#f2f2f2",
              "borderBottomWidth": 1,
              "flexDirection": "row",
              "marginTop": 10,
              "paddingBottom": 5,
            }
          }
        >
          <Text />
          <TextInput
            allowFontScaling={true}
            autoCapitalize="none"
            onChangeText={[Function]}
            placeholder="Your Password"
            rejectResponderTermination={true}
            secureTextEntry={true}
            style={
              Object {
                "color": "#05375a",
                "flex": 1,
                "marginTop": 0,
                "paddingLeft": 10,
              }
            }
            underlineColorAndroid="transparent"
          />
          <View
            accessible={true}
            focusable={true}
            onClick={[Function]}
            onResponderGrant={[Function]}
            onResponderMove={[Function]}
            onResponderRelease={[Function]}
            onResponderTerminate={[Function]}
            onResponderTerminationRequest={[Function]}
            onStartShouldSetResponder={[Function]}
            style={
              Object {
                "opacity": 1,
              }
            }
          >
            <Text />
          </View>
        </View>
        <Text
          style={
            Array [
              Object {
                "color": "#05375a",
                "fontSize": 18,
              },
              Object {
                "marginTop": 35,
              },
            ]
          }
        >
          Confirm Password
        </Text>
        <View
          style={
            Object {
              "borderBottomColor": "#f2f2f2",
              "borderBottomWidth": 1,
              "flexDirection": "row",
              "marginTop": 10,
              "paddingBottom": 5,
            }
          }
        >
          <Text />
          <TextInput
            allowFontScaling={true}
            autoCapitalize="none"
            onChangeText={[Function]}
            placeholder="Confirm Your Password"
            rejectResponderTermination={true}
            secureTextEntry={true}
            style={
              Object {
                "color": "#05375a",
                "flex": 1,
                "marginTop": 0,
                "paddingLeft": 10,
              }
            }
            underlineColorAndroid="transparent"
          />
          <View
            accessible={true}
            focusable={true}
            onClick={[Function]}
            onResponderGrant={[Function]}
            onResponderMove={[Function]}
            onResponderRelease={[Function]}
            onResponderTerminate={[Function]}
            onResponderTerminationRequest={[Function]}
            onStartShouldSetResponder={[Function]}
            style={
              Object {
                "opacity": 1,
              }
            }
          >
            <Text />
          </View>
        </View>
        <View
          style={
            Object {
              "flexDirection": "row",
              "flexWrap": "wrap",
              "marginTop": 20,
            }
          }
        >
          <Text
            style={
              Object {
                "color": "grey",
              }
            }
          >
            None of your data will be used for commercial purposes
          </Text>
        </View>
        <View
          style={
            Object {
              "backgroundColor": "#009387",
              "borderRadius": 10,
              "marginTop": 20,
            }
          }
        >
          <View
            accessible={true}
            focusable={true}
            onClick={[Function]}
            onResponderGrant={[Function]}
            onResponderMove={[Function]}
            onResponderRelease={[Function]}
            onResponderTerminate={[Function]}
            onResponderTerminationRequest={[Function]}
            onStartShouldSetResponder={[Function]}
            style={
              Object {
                "alignItems": "center",
                "borderRadius": 10,
                "height": 50,
                "justifyContent": "center",
                "opacity": 1,
                "width": "100%",
              }
            }
          >
            <Text
              style={
                Array [
                  Object {
                    "fontSize": 18,
                    "fontWeight": "bold",
                  },
                  Object {
                    "color": "#fff",
                  },
                ]
              }
            >
              Sign Up
            </Text>
          </View>
        </View>
        <View
          style={
            Object {
              "alignItems": "center",
              "marginTop": 20,
            }
          }
        >
          <View
            accessible={true}
            focusable={true}
            onClick={[Function]}
            onResponderGrant={[Function]}
            onResponderMove={[Function]}
            onResponderRelease={[Function]}
            onResponderTerminate={[Function]}
            onResponderTerminationRequest={[Function]}
            onStartShouldSetResponder={[Function]}
            style={
              Object {
                "alignItems": "center",
                "borderColor": "#009387",
                "borderRadius": 10,
                "borderWidth": 1,
                "height": 50,
                "justifyContent": "center",
                "opacity": 1,
                "width": "100%",
              }
            }
          >
            <Text
              style={
                Array [
                  Object {
                    "fontSize": 18,
                    "fontWeight": "bold",
                  },
                  Object {
                    "color": "#009387",
                  },
                ]
              }
            >
              Sign In
            </Text>
          </View>
        </View>
      </View>
    </RCTScrollView>
  </View>
</View>
`;
